2026-03-19 09:36:08,157 | ERROR | Unclosed client session
client_session: <aiohttp.client.ClientSession object at 0x7577072f9d80>
2026-03-19 09:36:08,159 | ERROR | Unclosed connector
connections: ['deque([(<aiohttp.client_proto.ResponseHandler object at 0x757707437280>, 43529.401495681)])']
connector: <aiohttp.connector.TCPConnector object at 0x7577072f9d50>
2026-03-19 09:36:08,988 | INFO  | LiveServerless:lfyndmjvwjgw10 | API /run
2026-03-19 09:36:09,315 | INFO  | LiveServerless:lfyndmjvwjgw10 | Started Job:2522ae3f-7d32-4c53-a15a-2528113e8b01-e1
2026-03-19 09:36:09,343 | INFO  | Job:2522ae3f-7d32-4c53-a15a-2528113e8b01-e1 | Status: IN_QUEUE
2026-03-19 09:36:09,665 | INFO  | Job:2522ae3f-7d32-4c53-a15a-2528113e8b01-e1 | .
2026-03-19 09:36:11,007 | INFO  | Job:2522ae3f-7d32-4c53-a15a-2528113e8b01-e1 | ..
2026-03-19 09:36:15,739 | INFO  | Job:2522ae3f-7d32-4c53-a15a-2528113e8b01-e1 | Status: IN_PROGRESS
2026-03-19 09:36:16,133 | INFO  | Job:2522ae3f-7d32-4c53-a15a-2528113e8b01-e1 | .
2026-03-19 09:36:17,331 | INFO  | Job:2522ae3f-7d32-4c53-a15a-2528113e8b01-e1 | ..
2026-03-19 09:36:22,299 | INFO  | Job:2522ae3f-7d32-4c53-a15a-2528113e8b01-e1 | ...
2026-03-19 09:36:37,229 | INFO  | Job:2522ae3f-7d32-4c53-a15a-2528113e8b01-e1 | ....
2026-03-19 09:36:57,308 | INFO  | Job:2522ae3f-7d32-4c53-a15a-2528113e8b01-e1 | .....
2026-03-19 09:37:19,639 | INFO  | Job:2522ae3f-7d32-4c53-a15a-2528113e8b01-e1 | ......
2026-03-19 09:37:41,766 | INFO  | Job:2522ae3f-7d32-4c53-a15a-2528113e8b01-e1 | .......
2026-03-19 09:38:00,423 | INFO  | Job:2522ae3f-7d32-4c53-a15a-2528113e8b01-e1 | ........
2026-03-19 09:38:22,350 | INFO  | Job:2522ae3f-7d32-4c53-a15a-2528113e8b01-e1 | .........
2026-03-19 09:38:40,546 | INFO  | Job:2522ae3f-7d32-4c53-a15a-2528113e8b01-e1 | ..........
2026-03-19 09:38:59,920 | INFO  | Job:2522ae3f-7d32-4c53-a15a-2528113e8b01-e1 | ...........
2026-03-19 09:39:20,420 | INFO  | Job:2522ae3f-7d32-4c53-a15a-2528113e8b01-e1 | ............
2026-03-19 09:39:42,832 | INFO  | Job:2522ae3f-7d32-4c53-a15a-2528113e8b01-e1 | .............
2026-03-19 09:40:02,797 | INFO  | Job:2522ae3f-7d32-4c53-a15a-2528113e8b01-e1 | ..............
2026-03-19 09:40:21,772 | INFO  | Job:2522ae3f-7d32-4c53-a15a-2528113e8b01-e1 | ...............
2026-03-19 09:40:42,248 | INFO  | Job:2522ae3f-7d32-4c53-a15a-2528113e8b01-e1 | ................
2026-03-19 09:41:04,088 | INFO  | Job:2522ae3f-7d32-4c53-a15a-2528113e8b01-e1 | .................
2026-03-19 09:41:26,141 | INFO  | Job:2522ae3f-7d32-4c53-a15a-2528113e8b01-e1 | ..................
2026-03-19 09:41:44,747 | INFO  | Job:2522ae3f-7d32-4c53-a15a-2528113e8b01-e1 | ...................
2026-03-19 09:42:06,029 | INFO  | Job:2522ae3f-7d32-4c53-a15a-2528113e8b01-e1 | ....................
2026-03-19 09:42:26,808 | INFO  | Job:2522ae3f-7d32-4c53-a15a-2528113e8b01-e1 | .....................
2026-03-19 09:42:47,421 | INFO  | Job:2522ae3f-7d32-4c53-a15a-2528113e8b01-e1 | ......................
2026-03-19 09:42:56,224 | INFO  | Job:2522ae3f-7d32-4c53-a15a-2528113e8b01-e1 | Status: COMPLETED
2026-03-19 09:42:56,280 | INFO  | Worker:ncrzld1n66cyal | Delay Time: 4802 ms
2026-03-19 09:42:56,281 | INFO  | Worker:ncrzld1n66cyal | Execution Time: 398163 ms
2026-03-19 09:56:44,399 | ERROR | Unclosed client session
client_session: <aiohttp.client.ClientSession object at 0x74a22c78dcf0>
2026-03-19 09:56:44,400 | ERROR | Unclosed connector
connections: ['deque([(<aiohttp.client_proto.ResponseHandler object at 0x74a22c8cb280>, 44765.644185327)])']
connector: <aiohttp.connector.TCPConnector object at 0x74a22c78dcc0>
2026-03-19 09:56:45,403 | INFO  | LiveServerless:lfyndmjvwjgw10 | API /run
2026-03-19 09:56:45,731 | INFO  | LiveServerless:lfyndmjvwjgw10 | Started Job:5a66b22f-9a49-4b60-be6f-8ee6b8a44c98-e2
2026-03-19 09:56:45,764 | INFO  | Job:5a66b22f-9a49-4b60-be6f-8ee6b8a44c98-e2 | Status: IN_QUEUE
2026-03-19 09:56:46,160 | INFO  | Job:5a66b22f-9a49-4b60-be6f-8ee6b8a44c98-e2 | .
2026-03-19 09:56:47,545 | INFO  | Job:5a66b22f-9a49-4b60-be6f-8ee6b8a44c98-e2 | ..
2026-03-19 09:56:52,263 | INFO  | Job:5a66b22f-9a49-4b60-be6f-8ee6b8a44c98-e2 | Status: IN_PROGRESS
2026-03-19 09:56:52,674 | INFO  | Job:5a66b22f-9a49-4b60-be6f-8ee6b8a44c98-e2 | .
2026-03-19 09:56:54,065 | INFO  | Job:5a66b22f-9a49-4b60-be6f-8ee6b8a44c98-e2 | ..
2026-03-19 09:56:59,156 | INFO  | Job:5a66b22f-9a49-4b60-be6f-8ee6b8a44c98-e2 | ...
2026-03-19 09:57:12,691 | INFO  | Job:5a66b22f-9a49-4b60-be6f-8ee6b8a44c98-e2 | ....
2026-03-19 09:57:29,701 | INFO  | Job:5a66b22f-9a49-4b60-be6f-8ee6b8a44c98-e2 | .....
2026-03-19 09:57:51,829 | INFO  | Job:5a66b22f-9a49-4b60-be6f-8ee6b8a44c98-e2 | ......
2026-03-19 09:58:12,501 | INFO  | Job:5a66b22f-9a49-4b60-be6f-8ee6b8a44c98-e2 | .......
2026-03-19 09:58:36,416 | INFO  | Job:5a66b22f-9a49-4b60-be6f-8ee6b8a44c98-e2 | ........
2026-03-19 09:58:57,854 | INFO  | Job:5a66b22f-9a49-4b60-be6f-8ee6b8a44c98-e2 | .........
2026-03-19 09:59:14,958 | INFO  | Job:5a66b22f-9a49-4b60-be6f-8ee6b8a44c98-e2 | ..........
2026-03-19 09:59:33,808 | INFO  | Job:5a66b22f-9a49-4b60-be6f-8ee6b8a44c98-e2 | ...........
2026-03-19 09:59:52,477 | INFO  | Job:5a66b22f-9a49-4b60-be6f-8ee6b8a44c98-e2 | ............
2026-03-19 10:00:15,798 | INFO  | Job:5a66b22f-9a49-4b60-be6f-8ee6b8a44c98-e2 | .............
2026-03-19 10:00:36,041 | INFO  | Job:5a66b22f-9a49-4b60-be6f-8ee6b8a44c98-e2 | ..............
2026-03-19 10:00:52,700 | INFO  | Job:5a66b22f-9a49-4b60-be6f-8ee6b8a44c98-e2 | ...............
2026-03-19 10:01:13,498 | INFO  | Job:5a66b22f-9a49-4b60-be6f-8ee6b8a44c98-e2 | ................
2026-03-19 10:01:32,882 | INFO  | Job:5a66b22f-9a49-4b60-be6f-8ee6b8a44c98-e2 | .................
2026-03-19 10:01:53,069 | INFO  | Job:5a66b22f-9a49-4b60-be6f-8ee6b8a44c98-e2 | ..................
2026-03-19 10:02:13,098 | INFO  | Job:5a66b22f-9a49-4b60-be6f-8ee6b8a44c98-e2 | ...................
2026-03-19 10:02:33,133 | INFO  | Job:5a66b22f-9a49-4b60-be6f-8ee6b8a44c98-e2 | ....................
2026-03-19 10:02:53,020 | INFO  | Job:5a66b22f-9a49-4b60-be6f-8ee6b8a44c98-e2 | .....................
2026-03-19 10:03:15,911 | INFO  | Job:5a66b22f-9a49-4b60-be6f-8ee6b8a44c98-e2 | ......................
2026-03-19 10:03:37,880 | INFO  | Job:5a66b22f-9a49-4b60-be6f-8ee6b8a44c98-e2 | Status: COMPLETED
2026-03-19 10:03:37,951 | INFO  | Worker:ncrzld1n66cyal | Delay Time: 4478 ms
2026-03-19 10:03:37,951 | INFO  | Worker:ncrzld1n66cyal | Execution Time: 396394 ms
2026-03-19 10:09:44,226 | ERROR | Unclosed client session
client_session: <aiohttp.client.ClientSession object at 0x7d03e439dde0>
2026-03-19 10:09:44,227 | ERROR | Unclosed connector
connections: ['deque([(<aiohttp.client_proto.ResponseHandler object at 0x7d03e44db280>, 45545.470579728)])']
connector: <aiohttp.connector.TCPConnector object at 0x7d03e439ddb0>
2026-03-19 10:09:45,055 | INFO  | LiveServerless:lfyndmjvwjgw10 | API /run
2026-03-19 10:09:45,396 | INFO  | LiveServerless:lfyndmjvwjgw10 | Started Job:58987cf5-baf5-43ff-8049-a0c742c39ec9-e2
2026-03-19 10:09:45,426 | INFO  | Job:58987cf5-baf5-43ff-8049-a0c742c39ec9-e2 | Status: IN_QUEUE
2026-03-19 10:09:45,751 | INFO  | Job:58987cf5-baf5-43ff-8049-a0c742c39ec9-e2 | .
2026-03-19 10:09:46,903 | INFO  | Job:58987cf5-baf5-43ff-8049-a0c742c39ec9-e2 | ..
2026-03-19 10:09:51,845 | INFO  | Job:58987cf5-baf5-43ff-8049-a0c742c39ec9-e2 | Status: IN_PROGRESS
2026-03-19 10:09:52,288 | INFO  | Job:58987cf5-baf5-43ff-8049-a0c742c39ec9-e2 | .
2026-03-19 10:09:53,707 | INFO  | Job:58987cf5-baf5-43ff-8049-a0c742c39ec9-e2 | ..
2026-03-19 10:09:58,899 | INFO  | Job:58987cf5-baf5-43ff-8049-a0c742c39ec9-e2 | ...
2026-03-19 10:10:14,470 | INFO  | Job:58987cf5-baf5-43ff-8049-a0c742c39ec9-e2 | ....
2026-03-19 10:10:34,259 | INFO  | Job:58987cf5-baf5-43ff-8049-a0c742c39ec9-e2 | .....
2026-03-19 10:10:55,005 | INFO  | Job:58987cf5-baf5-43ff-8049-a0c742c39ec9-e2 | ......
